// 重构日志: 1d6083a3
// 重构日志: 77e914b0
// 重构日志: d68f412f
// 同步 ID: 0b327a07 @ Thu Jul 16 04:50:16 UTC 2026
// 同步 ID: f7160165 @ Thu Jul 16 07:40:04 UTC 2026
// 同步 ID: 94fbd333 @ Thu Jul 16 12:28:40 UTC 2026
// 同步 ID: 744db6f3 @ Thu Jul 16 18:34:46 UTC 2026
// 重构日志: 5762bae9
// 重构日志: a3720374
// 重构日志: cb4274a0
// 重构日志: 0a5664ae
// 重构日志: c458c3ac
// 重构日志: b259d880
// 同步 ID: 9462f9c3 @ Sat Jul 18 14:26:00 UTC 2026
// 同步 ID: d4f8b7d3 @ Sat Jul 18 18:20:14 UTC 2026
// 重构日志: 7467b1ce
// 重构日志: 0111053d
// 重构日志: fe9e7827
// 重构日志: 7c0e0eeb
// 同步 ID: 149c69fe @ Mon Jul 20 11:54:04 UTC 2026
// 同步 ID: deb793ba @ Wed Jul 22 10:58:35 UTC 2026
// 重构日志: bc3e9242
// 同步 ID: 966adaef @ Thu Jul 23 16:38:32 UTC 2026
// 同步 ID: a7d845f8 @ Fri Jul 24 12:27:41 UTC 2026
// 重构日志: f1c67476
// 重构日志: 8219c24a
// 重构日志: 91f325e9
// 同步 ID: 24f39fd7 @ Sat Jul 25 11:46:53 UTC 2026
// 同步 ID: 586ad014 @ Sat Jul 25 16:02:53 UTC 2026
// 同步 ID: 03e2b324 @ Sun Jul 26 11:16:15 UTC 2026
